[debug] [2025-01-11T06:50:12.731Z] ----------------------------------------------------------------------
[debug] [2025-01-11T06:50:12.734Z] Command:       C:\Program Files\nodejs\node.exe C:\Users\Matt\AppData\Roaming\npm\node_modules\firebase-tools\lib\bin\firebase.js deploy
[debug] [2025-01-11T06:50:12.735Z] CLI Version:   12.7.0
[debug] [2025-01-11T06:50:12.735Z] Platform:      win32
[debug] [2025-01-11T06:50:12.735Z] Node Version:  v18.0.0
[debug] [2025-01-11T06:50:12.737Z] Time:          Fri Jan 10 2025 23:50:12 GMT-0700 (Mountain Standard Time)
[debug] [2025-01-11T06:50:12.737Z] ----------------------------------------------------------------------
[debug] 
[debug] [2025-01-11T06:50:12.744Z] >>> [apiv2][query] GET https://firebase-public.firebaseio.com/cli.json [none]
[debug] [2025-01-11T06:50:12.932Z] > command requires scopes: ["email","openid","https://www.googleapis.com/auth/cloudplatformprojects.readonly","https://www.googleapis.com/auth/firebase","https://www.googleapis.com/auth/cloud-platform"]
[debug] [2025-01-11T06:50:12.932Z] > authorizing via signed-in user (mattrandrus@gmail.com)
[debug] [2025-01-11T06:50:12.933Z] [iam] checking project colorado-nom-noms for permissions ["cloudfunctions.functions.create","cloudfunctions.functions.delete","cloudfunctions.functions.get","cloudfunctions.functions.list","cloudfunctions.functions.update","cloudfunctions.operations.get","firebase.projects.get","firebasehosting.sites.update"]
[debug] [2025-01-11T06:50:12.935Z] > refreshing access token with scopes: []
[debug] [2025-01-11T06:50:12.937Z] >>> [apiv2][query] POST https://www.googleapis.com/oauth2/v3/token [none]
[debug] [2025-01-11T06:50:12.937Z] >>> [apiv2][body] POST https://www.googleapis.com/oauth2/v3/token [omitted]
[debug] [2025-01-11T06:50:13.073Z] <<< [apiv2][status] GET https://firebase-public.firebaseio.com/cli.json 200
[debug] [2025-01-11T06:50:13.073Z] <<< [apiv2][body] GET https://firebase-public.firebaseio.com/cli.json {"cloudBuildErrorAfter":1594252800000,"cloudBuildWarnAfter":1590019200000,"defaultNode10After":1594252800000,"minVersion":"3.0.5","node8DeploysDisabledAfter":1613390400000,"node8RuntimeDisabledAfter":1615809600000,"node8WarnAfter":1600128000000}
[debug] [2025-01-11T06:50:13.092Z] <<< [apiv2][status] POST https://www.googleapis.com/oauth2/v3/token 400
[debug] [2025-01-11T06:50:13.093Z] <<< [apiv2][body] POST https://www.googleapis.com/oauth2/v3/token [omitted]
[debug] [2025-01-11T06:50:13.093Z] >>> [apiv2][query] POST https://cloudresourcemanager.googleapis.com/v1/projects/colorado-nom-noms:testIamPermissions [none]
[debug] [2025-01-11T06:50:13.093Z] >>> [apiv2][(partial)header] POST https://cloudresourcemanager.googleapis.com/v1/projects/colorado-nom-noms:testIamPermissions x-goog-quota-user=projects/colorado-nom-noms
[debug] [2025-01-11T06:50:13.093Z] >>> [apiv2][body] POST https://cloudresourcemanager.googleapis.com/v1/projects/colorado-nom-noms:testIamPermissions {"permissions":["cloudfunctions.functions.create","cloudfunctions.functions.delete","cloudfunctions.functions.get","cloudfunctions.functions.list","cloudfunctions.functions.update","cloudfunctions.operations.get","firebase.projects.get","firebasehosting.sites.update"]}
[debug] [2025-01-11T06:50:13.286Z] <<< [apiv2][status] POST https://cloudresourcemanager.googleapis.com/v1/projects/colorado-nom-noms:testIamPermissions 401
[debug] [2025-01-11T06:50:13.286Z] <<< [apiv2][body] POST https://cloudresourcemanager.googleapis.com/v1/projects/colorado-nom-noms:testIamPermissions {"error":{"code":401,"message":"Request had invalid authentication credentials. Expected OAuth 2 access token, login cookie or other valid authentication credential. See https://developers.google.com/identity/sign-in/web/devconsole-project.","status":"UNAUTHENTICATED","details":[{"@type":"type.googleapis.com/google.rpc.ErrorInfo","reason":"ACCESS_TOKEN_TYPE_UNSUPPORTED","metadata":{"method":"google.cloudresourcemanager.v1.Projects.TestIamPermissions","service":"cloudresourcemanager.googleapis.com"}}]}}
[debug] [2025-01-11T06:50:13.287Z] [iam] error while checking permissions, command may fail: FirebaseError: HTTP Error: 401, Request had invalid authentication credentials. Expected OAuth 2 access token, login cookie or other valid authentication credential. See https://developers.google.com/identity/sign-in/web/devconsole-project.
[debug] [2025-01-11T06:50:13.287Z] > refreshing access token with scopes: []
[debug] [2025-01-11T06:50:13.288Z] >>> [apiv2][query] POST https://www.googleapis.com/oauth2/v3/token [none]
[debug] [2025-01-11T06:50:13.288Z] >>> [apiv2][body] POST https://www.googleapis.com/oauth2/v3/token [omitted]
[debug] [2025-01-11T06:50:13.394Z] <<< [apiv2][status] POST https://www.googleapis.com/oauth2/v3/token 400
[debug] [2025-01-11T06:50:13.395Z] <<< [apiv2][body] POST https://www.googleapis.com/oauth2/v3/token [omitted]
[debug] [2025-01-11T06:50:13.395Z] >>> [apiv2][query] POST https://iam.googleapis.com/v1/projects/colorado-nom-noms/serviceAccounts/colorado-nom-noms@appspot.gserviceaccount.com:testIamPermissions [none]
[debug] [2025-01-11T06:50:13.395Z] >>> [apiv2][body] POST https://iam.googleapis.com/v1/projects/colorado-nom-noms/serviceAccounts/colorado-nom-noms@appspot.gserviceaccount.com:testIamPermissions {"permissions":["iam.serviceAccounts.actAs"]}
[debug] [2025-01-11T06:50:13.573Z] <<< [apiv2][status] POST https://iam.googleapis.com/v1/projects/colorado-nom-noms/serviceAccounts/colorado-nom-noms@appspot.gserviceaccount.com:testIamPermissions 401
[debug] [2025-01-11T06:50:13.573Z] <<< [apiv2][body] POST https://iam.googleapis.com/v1/projects/colorado-nom-noms/serviceAccounts/colorado-nom-noms@appspot.gserviceaccount.com:testIamPermissions {"error":{"code":401,"message":"Request had invalid authentication credentials. Expected OAuth 2 access token, login cookie or other valid authentication credential. See https://developers.google.com/identity/sign-in/web/devconsole-project.","status":"UNAUTHENTICATED","details":[{"@type":"type.googleapis.com/google.rpc.ErrorInfo","reason":"ACCESS_TOKEN_TYPE_UNSUPPORTED","metadata":{"service":"iam.googleapis.com","method":"google.iam.admin.v1.IAM.TestIamPermissions"}}]}}
[debug] [2025-01-11T06:50:13.574Z] [functions] service account IAM check errored, deploy may fail: HTTP Error: 401, Request had invalid authentication credentials. Expected OAuth 2 access token, login cookie or other valid authentication credential. See https://developers.google.com/identity/sign-in/web/devconsole-project. {"name":"FirebaseError","children":[],"context":{"body":{"error":{"code":401,"message":"Request had invalid authentication credentials. Expected OAuth 2 access token, login cookie or other valid authentication credential. See https://developers.google.com/identity/sign-in/web/devconsole-project.","status":"UNAUTHENTICATED","details":[{"@type":"type.googleapis.com/google.rpc.ErrorInfo","reason":"ACCESS_TOKEN_TYPE_UNSUPPORTED","metadata":{"service":"iam.googleapis.com","method":"google.iam.admin.v1.IAM.TestIamPermissions"}}]}},"response":{"statusCode":401}},"exit":1,"message":"HTTP Error: 401, Request had invalid authentication credentials. Expected OAuth 2 access token, login cookie or other valid authentication credential. See https://developers.google.com/identity/sign-in/web/devconsole-project.","status":401}
[debug] [2025-01-11T06:50:13.575Z] > refreshing access token with scopes: []
[debug] [2025-01-11T06:50:13.575Z] >>> [apiv2][query] POST https://www.googleapis.com/oauth2/v3/token [none]
[debug] [2025-01-11T06:50:13.575Z] >>> [apiv2][body] POST https://www.googleapis.com/oauth2/v3/token [omitted]
[debug] [2025-01-11T06:50:13.664Z] <<< [apiv2][status] POST https://www.googleapis.com/oauth2/v3/token 400
[debug] [2025-01-11T06:50:13.665Z] <<< [apiv2][body] POST https://www.googleapis.com/oauth2/v3/token [omitted]
[debug] [2025-01-11T06:50:13.666Z] >>> [apiv2][query] GET https://firebase.googleapis.com/v1beta1/projects/colorado-nom-noms [none]
[debug] [2025-01-11T06:50:13.786Z] <<< [apiv2][status] GET https://firebase.googleapis.com/v1beta1/projects/colorado-nom-noms 401
[debug] [2025-01-11T06:50:13.786Z] <<< [apiv2][body] GET https://firebase.googleapis.com/v1beta1/projects/colorado-nom-noms {"error":{"code":401,"message":"Request had invalid authentication credentials. Expected OAuth 2 access token, login cookie or other valid authentication credential. See https://developers.google.com/identity/sign-in/web/devconsole-project.","status":"UNAUTHENTICATED"}}
[debug] [2025-01-11T06:50:13.786Z] HTTP Error: 401, Request had invalid authentication credentials. Expected OAuth 2 access token, login cookie or other valid authentication credential. See https://developers.google.com/identity/sign-in/web/devconsole-project.
[debug] [2025-01-11T06:50:13.897Z] FirebaseError: HTTP Error: 401, Request had invalid authentication credentials. Expected OAuth 2 access token, login cookie or other valid authentication credential. See https://developers.google.com/identity/sign-in/web/devconsole-project.
    at responseToError (C:\Users\Matt\AppData\Roaming\npm\node_modules\firebase-tools\lib\responseToError.js:49:12)
    at RetryOperation._fn (C:\Users\Matt\AppData\Roaming\npm\node_modules\firebase-tools\lib\apiv2.js:285:77)
    at process.processTicksAndRejections (node:internal/process/task_queues:95:5)
[error] 
[error] Error: Failed to get Firebase project colorado-nom-noms. Please make sure the project exists and your account has permission to access it.
[debug] [2025-01-11T06:52:58.513Z] ----------------------------------------------------------------------
[debug] [2025-01-11T06:52:58.516Z] Command:       C:\Program Files\nodejs\node.exe C:\Users\Matt\AppData\Roaming\npm\node_modules\firebase-tools\lib\bin\firebase.js deploy
[debug] [2025-01-11T06:52:58.517Z] CLI Version:   13.29.1
[debug] [2025-01-11T06:52:58.517Z] Platform:      win32
[debug] [2025-01-11T06:52:58.517Z] Node Version:  v18.0.0
[debug] [2025-01-11T06:52:58.519Z] Time:          Fri Jan 10 2025 23:52:58 GMT-0700 (Mountain Standard Time)
[debug] [2025-01-11T06:52:58.520Z] ----------------------------------------------------------------------
[debug] 
[debug] [2025-01-11T06:52:58.638Z] > command requires scopes: ["email","openid","https://www.googleapis.com/auth/cloudplatformprojects.readonly","https://www.googleapis.com/auth/firebase","https://www.googleapis.com/auth/cloud-platform"]
[debug] [2025-01-11T06:52:58.639Z] > authorizing via signed-in user (mattrandrus@gmail.com)
[debug] [2025-01-11T06:52:58.639Z] [iam] checking project colorado-nom-noms for permissions ["cloudfunctions.functions.create","cloudfunctions.functions.delete","cloudfunctions.functions.get","cloudfunctions.functions.list","cloudfunctions.functions.update","cloudfunctions.operations.get","firebase.projects.get","firebasehosting.sites.update"]
[debug] [2025-01-11T06:52:58.643Z] Checked if tokens are valid: false, expires at: 1719876847668
[debug] [2025-01-11T06:52:58.643Z] Checked if tokens are valid: false, expires at: 1719876847668
[debug] [2025-01-11T06:52:58.644Z] > refreshing access token with scopes: []
[debug] [2025-01-11T06:52:58.646Z] >>> [apiv2][query] POST https://www.googleapis.com/oauth2/v3/token [none]
[debug] [2025-01-11T06:52:58.647Z] >>> [apiv2][body] POST https://www.googleapis.com/oauth2/v3/token [omitted]
[debug] [2025-01-11T06:52:58.864Z] <<< [apiv2][status] POST https://www.googleapis.com/oauth2/v3/token 400
[debug] [2025-01-11T06:52:58.864Z] <<< [apiv2][body] POST https://www.googleapis.com/oauth2/v3/token [omitted]
[debug] [2025-01-11T06:52:58.864Z] >>> [apiv2][query] POST https://cloudresourcemanager.googleapis.com/v1/projects/colorado-nom-noms:testIamPermissions [none]
[debug] [2025-01-11T06:52:58.865Z] >>> [apiv2][(partial)header] POST https://cloudresourcemanager.googleapis.com/v1/projects/colorado-nom-noms:testIamPermissions x-goog-quota-user=projects/colorado-nom-noms
[debug] [2025-01-11T06:52:58.865Z] >>> [apiv2][body] POST https://cloudresourcemanager.googleapis.com/v1/projects/colorado-nom-noms:testIamPermissions {"permissions":["cloudfunctions.functions.create","cloudfunctions.functions.delete","cloudfunctions.functions.get","cloudfunctions.functions.list","cloudfunctions.functions.update","cloudfunctions.operations.get","firebase.projects.get","firebasehosting.sites.update"]}
[debug] [2025-01-11T06:52:59.020Z] <<< [apiv2][status] POST https://cloudresourcemanager.googleapis.com/v1/projects/colorado-nom-noms:testIamPermissions 401
[debug] [2025-01-11T06:52:59.020Z] <<< [apiv2][body] POST https://cloudresourcemanager.googleapis.com/v1/projects/colorado-nom-noms:testIamPermissions {"error":{"code":401,"message":"Request had invalid authentication credentials. Expected OAuth 2 access token, login cookie or other valid authentication credential. See https://developers.google.com/identity/sign-in/web/devconsole-project.","status":"UNAUTHENTICATED","details":[{"@type":"type.googleapis.com/google.rpc.ErrorInfo","reason":"ACCESS_TOKEN_TYPE_UNSUPPORTED","metadata":{"method":"google.cloudresourcemanager.v1.Projects.TestIamPermissions","service":"cloudresourcemanager.googleapis.com"}}]}}
[debug] [2025-01-11T06:52:59.021Z] Got a 401 Unauthenticated error for a call that required authentication. Refreshing tokens.
[debug] [2025-01-11T06:52:59.021Z] Checked if tokens are valid: false, expires at: 1719876847668
[debug] [2025-01-11T06:52:59.021Z] Checked if tokens are valid: false, expires at: 1719876847668
[debug] [2025-01-11T06:52:59.021Z] > refreshing access token with scopes: []
[debug] [2025-01-11T06:52:59.022Z] >>> [apiv2][query] POST https://www.googleapis.com/oauth2/v3/token [none]
[debug] [2025-01-11T06:52:59.022Z] >>> [apiv2][body] POST https://www.googleapis.com/oauth2/v3/token [omitted]
[debug] [2025-01-11T06:52:59.130Z] <<< [apiv2][status] POST https://www.googleapis.com/oauth2/v3/token 400
[debug] [2025-01-11T06:52:59.130Z] <<< [apiv2][body] POST https://www.googleapis.com/oauth2/v3/token [omitted]
[debug] [2025-01-11T06:52:59.131Z] [iam] error while checking permissions, command may fail: Request to https://cloudresourcemanager.googleapis.com/v1/projects/colorado-nom-noms:testIamPermissions had HTTP Error: 401, Request had invalid authentication credentials. Expected OAuth 2 access token, login cookie or other valid authentication credential. See https://developers.google.com/identity/sign-in/web/devconsole-project.
[debug] [2025-01-11T06:52:59.132Z] Checked if tokens are valid: false, expires at: 1719876847668
[debug] [2025-01-11T06:52:59.132Z] Checked if tokens are valid: false, expires at: 1719876847668
[debug] [2025-01-11T06:52:59.132Z] > refreshing access token with scopes: []
[debug] [2025-01-11T06:52:59.133Z] >>> [apiv2][query] POST https://www.googleapis.com/oauth2/v3/token [none]
[debug] [2025-01-11T06:52:59.133Z] >>> [apiv2][body] POST https://www.googleapis.com/oauth2/v3/token [omitted]
[debug] [2025-01-11T06:52:59.240Z] <<< [apiv2][status] POST https://www.googleapis.com/oauth2/v3/token 400
[debug] [2025-01-11T06:52:59.240Z] <<< [apiv2][body] POST https://www.googleapis.com/oauth2/v3/token [omitted]
[debug] [2025-01-11T06:52:59.240Z] >>> [apiv2][query] POST https://iam.googleapis.com/v1/projects/colorado-nom-noms/serviceAccounts/colorado-nom-noms@appspot.gserviceaccount.com:testIamPermissions [none]
[debug] [2025-01-11T06:52:59.240Z] >>> [apiv2][body] POST https://iam.googleapis.com/v1/projects/colorado-nom-noms/serviceAccounts/colorado-nom-noms@appspot.gserviceaccount.com:testIamPermissions {"permissions":["iam.serviceAccounts.actAs"]}
[debug] [2025-01-11T06:52:59.384Z] <<< [apiv2][status] POST https://iam.googleapis.com/v1/projects/colorado-nom-noms/serviceAccounts/colorado-nom-noms@appspot.gserviceaccount.com:testIamPermissions 401
[debug] [2025-01-11T06:52:59.385Z] <<< [apiv2][body] POST https://iam.googleapis.com/v1/projects/colorado-nom-noms/serviceAccounts/colorado-nom-noms@appspot.gserviceaccount.com:testIamPermissions {"error":{"code":401,"message":"Request had invalid authentication credentials. Expected OAuth 2 access token, login cookie or other valid authentication credential. See https://developers.google.com/identity/sign-in/web/devconsole-project.","status":"UNAUTHENTICATED","details":[{"@type":"type.googleapis.com/google.rpc.ErrorInfo","reason":"ACCESS_TOKEN_TYPE_UNSUPPORTED","metadata":{"method":"google.iam.admin.v1.IAM.TestIamPermissions","service":"iam.googleapis.com"}}]}}
[debug] [2025-01-11T06:52:59.385Z] Got a 401 Unauthenticated error for a call that required authentication. Refreshing tokens.
[debug] [2025-01-11T06:52:59.385Z] Checked if tokens are valid: false, expires at: 1719876847668
[debug] [2025-01-11T06:52:59.385Z] Checked if tokens are valid: false, expires at: 1719876847668
[debug] [2025-01-11T06:52:59.385Z] > refreshing access token with scopes: []
[debug] [2025-01-11T06:52:59.386Z] >>> [apiv2][query] POST https://www.googleapis.com/oauth2/v3/token [none]
[debug] [2025-01-11T06:52:59.386Z] >>> [apiv2][body] POST https://www.googleapis.com/oauth2/v3/token [omitted]
[debug] [2025-01-11T06:52:59.478Z] <<< [apiv2][status] POST https://www.googleapis.com/oauth2/v3/token 400
[debug] [2025-01-11T06:52:59.478Z] <<< [apiv2][body] POST https://www.googleapis.com/oauth2/v3/token [omitted]
[debug] [2025-01-11T06:52:59.479Z] [functions] service account IAM check errored, deploy may fail: Request to https://iam.googleapis.com/v1/projects/colorado-nom-noms/serviceAccounts/colorado-nom-noms@appspot.gserviceaccount.com:testIamPermissions had HTTP Error: 401, Request had invalid authentication credentials. Expected OAuth 2 access token, login cookie or other valid authentication credential. See https://developers.google.com/identity/sign-in/web/devconsole-project. {"name":"FirebaseError","children":[],"context":{"body":{"error":{"code":401,"message":"Request had invalid authentication credentials. Expected OAuth 2 access token, login cookie or other valid authentication credential. See https://developers.google.com/identity/sign-in/web/devconsole-project.","status":"UNAUTHENTICATED","details":[{"@type":"type.googleapis.com/google.rpc.ErrorInfo","reason":"ACCESS_TOKEN_TYPE_UNSUPPORTED","metadata":{"method":"google.iam.admin.v1.IAM.TestIamPermissions","service":"iam.googleapis.com"}}]}},"response":{"statusCode":401}},"exit":1,"message":"Request to https://iam.googleapis.com/v1/projects/colorado-nom-noms/serviceAccounts/colorado-nom-noms@appspot.gserviceaccount.com:testIamPermissions had HTTP Error: 401, Request had invalid authentication credentials. Expected OAuth 2 access token, login cookie or other valid authentication credential. See https://developers.google.com/identity/sign-in/web/devconsole-project.","status":401}
[debug] [2025-01-11T06:52:59.480Z] Checked if tokens are valid: false, expires at: 1719876847668
[debug] [2025-01-11T06:52:59.480Z] Checked if tokens are valid: false, expires at: 1719876847668
[debug] [2025-01-11T06:52:59.480Z] > refreshing access token with scopes: []
[debug] [2025-01-11T06:52:59.481Z] >>> [apiv2][query] POST https://www.googleapis.com/oauth2/v3/token [none]
[debug] [2025-01-11T06:52:59.481Z] >>> [apiv2][body] POST https://www.googleapis.com/oauth2/v3/token [omitted]
[debug] [2025-01-11T06:52:59.574Z] <<< [apiv2][status] POST https://www.googleapis.com/oauth2/v3/token 400
[debug] [2025-01-11T06:52:59.575Z] <<< [apiv2][body] POST https://www.googleapis.com/oauth2/v3/token [omitted]
[debug] [2025-01-11T06:52:59.575Z] >>> [apiv2][query] GET https://firebase.googleapis.com/v1beta1/projects/colorado-nom-noms [none]
[debug] [2025-01-11T06:52:59.690Z] <<< [apiv2][status] GET https://firebase.googleapis.com/v1beta1/projects/colorado-nom-noms 401
[debug] [2025-01-11T06:52:59.690Z] <<< [apiv2][body] GET https://firebase.googleapis.com/v1beta1/projects/colorado-nom-noms {"error":{"code":401,"message":"Request had invalid authentication credentials. Expected OAuth 2 access token, login cookie or other valid authentication credential. See https://developers.google.com/identity/sign-in/web/devconsole-project.","status":"UNAUTHENTICATED"}}
[debug] [2025-01-11T06:52:59.690Z] Got a 401 Unauthenticated error for a call that required authentication. Refreshing tokens.
[debug] [2025-01-11T06:52:59.690Z] Checked if tokens are valid: false, expires at: 1719876847668
[debug] [2025-01-11T06:52:59.691Z] Checked if tokens are valid: false, expires at: 1719876847668
[debug] [2025-01-11T06:52:59.691Z] > refreshing access token with scopes: []
[debug] [2025-01-11T06:52:59.691Z] >>> [apiv2][query] POST https://www.googleapis.com/oauth2/v3/token [none]
[debug] [2025-01-11T06:52:59.691Z] >>> [apiv2][body] POST https://www.googleapis.com/oauth2/v3/token [omitted]
[debug] [2025-01-11T06:52:59.795Z] <<< [apiv2][status] POST https://www.googleapis.com/oauth2/v3/token 400
[debug] [2025-01-11T06:52:59.795Z] <<< [apiv2][body] POST https://www.googleapis.com/oauth2/v3/token [omitted]
[debug] [2025-01-11T06:52:59.795Z] Request to https://firebase.googleapis.com/v1beta1/projects/colorado-nom-noms had HTTP Error: 401, Request had invalid authentication credentials. Expected OAuth 2 access token, login cookie or other valid authentication credential. See https://developers.google.com/identity/sign-in/web/devconsole-project.
[error] 
[error] Error: Assertion failed: resolving hosting target of a site with no site name or target name. This should have caused an error earlier
